// Jest Snapshot v1, https://goo.gl/fbAQLP

exports[`CartComponent showCart should not display the component if showCart is set to false 1`] = `
<lib-cart
  checkoutButtonEnabled={[Function Function]}
  items={[Function Function]}
  showCart={[Function Function]}
  totalPrice={[Function Function]}
>
</lib-cart>
`;

exports[`CartComponent showCart should should display the component if showCart is set to true 1`] = `
<lib-cart
  checkoutButtonEnabled={[Function Function]}
  items={[Function Function]}
  showCart={[Function Function]}
  totalPrice={[Function Function]}
>
  <dialog
    aria-labelledby="slide-over-title"
    aria-modal="true"
    class="relative z-50 flex ng-trigger ng-trigger-animateBackdrop ng-animating"
  >
    <div
      aria-hidden="true"
      class="fixed inset-0 bg-gray-500 bg-opacity-75 transition-opacity"
    />
    <div
      class="fixed inset-0 overflow-hidden"
    >
      <div
        class="absolute inset-0 overflow-hidden"
      />
    </div>
  </dialog><div
    class="z-50 pointer-events-none fixed inset-y-0 right-0 flex max-w-full pl-10 ng-trigger ng-trigger-animateSlideOver ng-animating"
  >
    <div
      class="pointer-events-auto w-screen max-w-md"
    >
      <div
        class="flex h-full flex-col bg-white shadow-xl"
      >
        <div
          class="flex-1 overflow-y-auto sm:px-6"
        >
          <div
            class="flex items-start justify-between sticky top-0 py-6 px-4 z-10 border-b-2 border-gray-100 bg-white"
          >
            <h2
              class="text-lg font-medium text-gray-900"
              id="slide-over-title"
            >
              Shopping cart
            </h2>
            <div
              class="ml-3 flex h-7 items-center"
            >
              <button
                class="relative -m-2 p-2 text-gray-400 hover:text-gray-500"
                type="button"
              >
                <span
                  class="absolute -inset-0.5"
                />
                <span
                  class="sr-only"
                >
                  Close panel
                </span>
                <svg
                  aria-hidden="true"
                  class="h-6 w-6"
                  fill="none"
                  stroke="currentColor"
                  stroke-width="1.5"
                  viewBox="0 0 24 24"
                >
                  <path
                    d="M6 18L18 6M6 6l12 12"
                    stroke-linecap="round"
                    stroke-linejoin="round"
                  />
                </svg>
              </button>
            </div>
          </div>
          <lib-cart-items />
        </div>
        <div
          class="border-t border-gray-200 px-4 py-6 sm:px-6"
        >
          <div
            class="flex justify-between text-base font-medium text-gray-900"
          >
            <p>
              Total
            </p>
            <p>
              $3.00
            </p>
          </div>
          <div
            class="mt-6"
          >
            <a
              class="flex items-center justify-center rounded-md border border-transparent px-6 py-3 text-base font-medium shadow-sm bg-indigo-600 text-white hover:bg-indigo-700"
              href="/checkout"
              routerlink="/checkout"
            >
               Checkout 
            </a>
          </div>
          <div
            class="mt-6 flex justify-center text-center text-sm text-gray-500"
          >
            <p>
               or 
              <button
                class="font-medium text-indigo-600 hover:text-indigo-500"
                type="button"
              >
                 Continue Shopping 
                <span
                  aria-hidden="true"
                >
                   â†’
                </span>
              </button>
            </p>
          </div>
        </div>
      </div>
    </div>
  </div>
</lib-cart>
`;
