// Jest Snapshot v1, https://goo.gl/fbAQLP

exports[`OrderDetailComponent should match the snapshot 1`] = `
<lib-order-detail
  order={[Function Function]}
  user={[Function Function]}
>
  <div
    class="mx-auto mb-8 px-8 max-w-5xl"
    id="invoice"
  >
    <section
      class="py-8 mb-2 flex justify-between items-end"
    >
      <div>
        <div
          class="flex flex-row gap-3 items-center justify-start"
        >
          <div
            class="leading-none"
          >
            <div
              class="text-xl leading-none font-semibold"
            >
              Order #1
            </div>
            <lib-date-time
              class="h-3 text-xs leading-none text-gray-500"
            >
              <time
                datetime="Wed Jan 1 2020 00:00:00 GMT+0000 (Coordinated Universal Time)"
              >
                Jan 01, 2020
              </time>
            </lib-date-time>
          </div>
          <lib-order-status
            class="rounded-lg px-4 py-1.5 max-w-28 text-center text-white border border-slate-300 text-xs bg-orange-500"
          >
            Created
          </lib-order-status>
        </div>
        <h1
          class="mt-5 text-s font-bold text-gray-700"
        >
          firstname lastname
        </h1>
        <div
          class="text-xs text-gray-500"
        >
          <p>
            street apartment
          </p>
          <p>
            zip city, region
          </p>
          <p>
            country
          </p>
        </div>
      </div>
      <button
        class="btn-print w-44 flex items-center justify-center rounded-md border border-transparent mb-3 px-8 py-2 text-base font-medium bg-indigo-600 text-white hover:bg-indigo-700 focus:outline-none focus:ring-2 focus:ring-indigo-500 focus:ring-offset-2':"
      >
         Print 
      </button>
    </section>
    <section>
      <ul
        class="divide-y divide-gray-100"
      >
        <li
          class="flex justify-between gap-x-6 py-5"
        >
          <div
            class="flex min-w-0 gap-x-4"
          >
            <div
              class="min-w-0 flex-auto"
            >
              <p
                class="text-sm font-semibold leading-6 text-gray-900"
              >
                total
              </p>
            </div>
          </div>
          <div
            class="hidden shrink-0 sm:flex sm:flex-col sm:items-end"
          >
            <p
              class="text-sm leading-6 text-gray-900"
            >
              $0.00
            </p>
          </div>
        </li>
      </ul>
    </section>
  </div>
</lib-order-detail>
`;
