// Jest Snapshot v1, https://goo.gl/fbAQLP

exports[`ProductListComponent should match the snapshot 1`] = `
<lib-product-list
  products={[Function Function]}
>
  <div
    class="mx-auto max-w-2xl px-4 py-16 sm:px-6 sm:py-24 lg:max-w-7xl lg:px-8"
  >
    <h2
      class="sr-only"
    >
      Products
    </h2>
    <div
      class="grid grid-cols-1 gap-x-6 gap-y-10 sm:grid-cols-2 lg:grid-cols-3 xl:grid-cols-4 xl:gap-x-8"
    >
      <a
        class="product-item group"
        href="/products/1"
      >
        <div
          class="aspect-h-1 aspect-w-1 w-full overflow-hidden rounded-lg bg-gray-200 xl:aspect-h-8 xl:aspect-w-7"
        >
          <img
            alt="Product 1"
            class="h-full w-full object-cover object-center group-hover:opacity-75"
            fetchpriority="auto"
            fill=""
            loading="lazy"
            ng-img="true"
            onerror="this.src='images/placeholder-image.jpg'"
            sizes="100vw"
            src="uri"
            style="position: absolute; width: 100%; height: 100%; inset: 0;"
          />
        </div>
        <h3
          class="mt-4 text-sm text-gray-700"
        >
          Product 1
        </h3>
        <p
          class="mt-1 text-lg font-medium text-gray-900"
        >
          $10.00
        </p>
      </a>
      <a
        class="product-item group"
        href="/products/2"
      >
        <div
          class="aspect-h-1 aspect-w-1 w-full overflow-hidden rounded-lg bg-gray-200 xl:aspect-h-8 xl:aspect-w-7"
        >
          <img
            alt="Product 2"
            class="h-full w-full object-cover object-center group-hover:opacity-75"
            fetchpriority="auto"
            fill=""
            loading="lazy"
            ng-img="true"
            onerror="this.src='images/placeholder-image.jpg'"
            sizes="100vw"
            src="uri"
            style="position: absolute; width: 100%; height: 100%; inset: 0;"
          />
        </div>
        <h3
          class="mt-4 text-sm text-gray-700"
        >
          Product 2
        </h3>
        <p
          class="mt-1 text-lg font-medium text-gray-900"
        >
          $20.00
        </p>
      </a>
    </div>
  </div>
</lib-product-list>
`;
